// Jest Snapshot v1, https://goo.gl/fbAQLP

exports[`Auth wrapper handles google button 1`] = `[Function]`;
